// Jest Snapshot v1, https://goo.gl/fbAQLP

exports[`renders the loading screen 1`] = `<ExponentAppLoading />`;

exports[`renders the root without loading screen 1`] = `
<View
  style={
    Object {
      "backgroundColor": "#fff",
      "flex": 1,
    }
  }
>
  <View
    style={
      Object {
        "backgroundColor": "#000",
        "flex": 1,
      }
    }
  >
    <View
      style={
        Object {
          "backgroundColor": "skyblue",
          "flexDirection": "row",
        }
      }
    >
      <View
        style={
          Object {
            "flex": 1,
          }
        }
      >
        <Text
          accessible={true}
          allowFontScaling={true}
          ellipsizeMode="tail"
          style={
            Object {
              "fontSize": 30,
            }
          }
        >
          LOGO
        </Text>
      </View>
      <View
        style={
          Object {
            "flex": 1,
            "flexDirection": "row",
            "justifyContent": "space-around",
          }
        }
      >
        <Text
          accessible={true}
          allowFontScaling={true}
          ellipsizeMode="tail"
        >
          NAVI
        </Text>
        <Text
          accessible={true}
          allowFontScaling={true}
          ellipsizeMode="tail"
        >
          TIME
        </Text>
      </View>
      <View
        style={
          Object {
            "flex": 2,
            "flexDirection": "row",
            "justifyContent": "space-around",
          }
        }
      >
        <View>
          <Text
            accessible={true}
            allowFontScaling={true}
            ellipsizeMode="tail"
          >
            ORDER
          </Text>
        </View>
        <View>
          <Text
            accessible={true}
            allowFontScaling={true}
            ellipsizeMode="tail"
          >
            DONE
          </Text>
        </View>
        <View>
          <Text
            accessible={true}
            allowFontScaling={true}
            ellipsizeMode="tail"
          >
            VOID
          </Text>
        </View>
        <View>
          <Text
            accessible={true}
            allowFontScaling={true}
            ellipsizeMode="tail"
          >
            TOTAL
          </Text>
        </View>
      </View>
    </View>
    <RCTScrollView
      style={
        Object {
          "backgroundColor": "#000",
          "flex": 1,
        }
      }
    >
      <View>
        <RCTScrollView
          ListFooterComponent={[Function]}
          data={
            Array [
              Object {
                "orderNo": 1,
              },
              Object {
                "orderNo": 2,
              },
              Object {
                "orderNo": 3,
              },
              Object {
                "orderNo": 3,
              },
            ]
          }
          disableVirtualization={false}
          getItem={[Function]}
          getItemCount={[Function]}
          horizontal={false}
          initialNumToRender={6}
          invertStickyHeaders={undefined}
          keyExtractor={[Function]}
          maxToRenderPerBatch={10}
          numColumns={3}
          onContentSizeChange={[Function]}
          onEndReachedThreshold={2}
          onLayout={[Function]}
          onMomentumScrollEnd={[Function]}
          onScroll={[Function]}
          onScrollBeginDrag={[Function]}
          onScrollEndDrag={[Function]}
          renderItem={[Function]}
          scrollEventThrottle={50}
          stickyHeaderIndices={Array []}
          updateCellsBatchingPeriod={50}
          viewabilityConfigCallbackPairs={Array []}
          windowSize={21}
        >
          <View>
            <View
              onLayout={[Function]}
              style={null}
            >
              <View
                style={
                  Array [
                    Object {
                      "flexDirection": "row",
                    },
                    undefined,
                  ]
                }
              >
                <View
                  style={
                    Object {
                      "flex": 1,
                    }
                  }
                >
                  <View
                    style={
                      Object {
                        "backgroundColor": "#fff",
                        "borderColor": "#ddd",
                        "margin": 5,
                      }
                    }
                  >
                    <Text
                      accessible={true}
                      allowFontScaling={true}
                      ellipsizeMode="tail"
                    >
                      Order#: 
                      1
                    </Text>
                  </View>
                </View>
                <View
                  style={
                    Object {
                      "flex": 1,
                    }
                  }
                >
                  <View
                    style={
                      Object {
                        "backgroundColor": "#fff",
                        "borderColor": "#ddd",
                        "margin": 5,
                      }
                    }
                  >
                    <Text
                      accessible={true}
                      allowFontScaling={true}
                      ellipsizeMode="tail"
                    >
                      Order#: 
                      2
                    </Text>
                  </View>
                </View>
                <View
                  style={
                    Object {
                      "flex": 1,
                    }
                  }
                >
                  <View
                    style={
                      Object {
                        "backgroundColor": "#fff",
                        "borderColor": "#ddd",
                        "margin": 5,
                      }
                    }
                  >
                    <Text
                      accessible={true}
                      allowFontScaling={true}
                      ellipsizeMode="tail"
                    >
                      Order#: 
                      3
                    </Text>
                  </View>
                </View>
              </View>
            </View>
            <View
              onLayout={[Function]}
              style={null}
            >
              <View
                style={
                  Array [
                    Object {
                      "flexDirection": "row",
                    },
                    undefined,
                  ]
                }
              >
                <View
                  style={
                    Object {
                      "flex": 1,
                    }
                  }
                >
                  <View
                    style={
                      Object {
                        "backgroundColor": "#fff",
                        "borderColor": "#ddd",
                        "margin": 5,
                      }
                    }
                  >
                    <Text
                      accessible={true}
                      allowFontScaling={true}
                      ellipsizeMode="tail"
                    >
                      Order#: 
                      3
                    </Text>
                  </View>
                </View>
              </View>
            </View>
            <View
              onLayout={[Function]}
              style={null}
            />
          </View>
        </RCTScrollView>
      </View>
    </RCTScrollView>
  </View>
</View>
`;
